// Vitest Snapshot v1, https://vitest.dev/guide/snapshot.html

exports[`Pagination > renders correctly 1`] = `
<nav
  aria-label="Page navigation example"
>
  <ul
    class="inline-flex -space-x-px"
  >
    <li>
      <button
        class="cursor-pointer px-3 py-2 ml-0 leading-tight text-gray-500 bg-white border border-gray-300 rounded-l-lg hover:bg-gray-100 hover:text-gray-700 dark:bg-gray-800 dark:border-gray-700 dark:text-gray-400 dark:hover:bg-gray-700 dark:hover:text-white"
        id="previous"
      >
         Previous 
      </button>
    </li>
    
    <li>
      <button
        aria-current="page"
        class="dark:hover:bg-gray-700 dark:bg-gray-800 dark:hover:text-white leading-tight px-3 py-2 cursor-pointer text-gray-500 bg-white border border-gray-300 hover:bg-gray-100 hover:text-gray-700 dark:border-gray-700 dark:text-gray-400"
      >
        1
      </button>
    </li>
    <li>
      <button
        aria-current="page"
        class="dark:hover:bg-gray-700 dark:bg-gray-800 dark:hover:text-white leading-tight px-3 py-2 cursor-pointer text-gray-500 bg-white border border-gray-300 hover:bg-gray-100 hover:text-gray-700 dark:border-gray-700 dark:text-gray-400"
      >
        2
      </button>
    </li>
    <li>
      <button
        aria-current="page"
        class="dark:bg-gray-700 dark:text-white text-blue-600 px-3 py-2 cursor-pointer text-gray-500 bg-white border border-gray-300 hover:bg-gray-100 hover:text-gray-700 dark:border-gray-700 dark:text-gray-400"
      >
        3
      </button>
    </li>
    <li>
      <button
        aria-current="page"
        class="dark:hover:bg-gray-700 dark:bg-gray-800 dark:hover:text-white leading-tight px-3 py-2 cursor-pointer text-gray-500 bg-white border border-gray-300 hover:bg-gray-100 hover:text-gray-700 dark:border-gray-700 dark:text-gray-400"
      >
        4
      </button>
    </li>
    <li>
      <button
        aria-current="page"
        class="dark:hover:bg-gray-700 dark:bg-gray-800 dark:hover:text-white leading-tight px-3 py-2 cursor-pointer text-gray-500 bg-white border border-gray-300 hover:bg-gray-100 hover:text-gray-700 dark:border-gray-700 dark:text-gray-400"
      >
        5
      </button>
    </li>
    
    <li>
      <button
        class="cursor-pointer px-3 py-2 leading-tight text-gray-500 bg-white border border-gray-300 rounded-r-lg hover:bg-gray-100 hover:text-gray-700 dark:bg-gray-800 dark:border-gray-700 dark:text-gray-400 dark:hover:bg-gray-700 dark:hover:text-white"
        id="next"
      >
         Next 
      </button>
    </li>
  </ul>
</nav>
`;
